2025-12-06 17:32:16,472 INFO o.a.j.u.JMeterUtils: Setting Locale to en_EN
2025-12-06 17:32:16,498 INFO o.a.j.JMeter: Loading user properties from: C:\Users\suelen.santos\Downloads\jmeter5.6.3 descomp\apache-jmeter-5.6.3\bin\user.properties
2025-12-06 17:32:16,498 INFO o.a.j.JMeter: Loading system properties from: C:\Users\suelen.santos\Downloads\jmeter5.6.3 descomp\apache-jmeter-5.6.3\bin\system.properties
2025-12-06 17:32:16,507 INFO o.a.j.JMeter: Copyright (c) 1998-2024 The Apache Software Foundation
2025-12-06 17:32:16,507 INFO o.a.j.JMeter: Version 5.6.3
2025-12-06 17:32:16,507 INFO o.a.j.JMeter: java.version=17.0.1
2025-12-06 17:32:16,507 INFO o.a.j.JMeter: java.vm.name=Java HotSpot(TM) 64-Bit Server VM
2025-12-06 17:32:16,507 INFO o.a.j.JMeter: os.name=Windows 10
2025-12-06 17:32:16,507 INFO o.a.j.JMeter: os.arch=amd64
2025-12-06 17:32:16,507 INFO o.a.j.JMeter: os.version=10.0
2025-12-06 17:32:16,507 INFO o.a.j.JMeter: file.encoding=Cp1252
2025-12-06 17:32:16,507 INFO o.a.j.JMeter: java.awt.headless=true
2025-12-06 17:32:16,507 INFO o.a.j.JMeter: Max memory     =1073741824
2025-12-06 17:32:16,507 INFO o.a.j.JMeter: Available Processors =8
2025-12-06 17:32:16,521 INFO o.a.j.JMeter: Default Locale=English (EN)
2025-12-06 17:32:16,521 INFO o.a.j.JMeter: JMeter  Locale=English (EN)
2025-12-06 17:32:16,521 INFO o.a.j.JMeter: JMeterHome=C:\Users\suelen.santos\Downloads\jmeter5.6.3 descomp\apache-jmeter-5.6.3
2025-12-06 17:32:16,521 INFO o.a.j.JMeter: user.dir  =C:\QAx\ppp-turma2
2025-12-06 17:32:16,521 INFO o.a.j.JMeter: PWD       =C:\QAx\ppp-turma2
2025-12-06 17:32:16,524 INFO o.a.j.JMeter: IP: 192.168.100.80 Name: DGDNTB080 FullName: DGDNTB080.digicade.corp
2025-12-06 17:32:16,541 INFO o.a.j.s.FileServer: Default base='C:\QAx\ppp-turma2'
2025-12-06 17:32:16,545 INFO o.a.j.s.FileServer: Set new base='C:\QAx\ppp-turma2\.\tests\jmeter'
2025-12-06 17:32:16,712 INFO o.a.j.s.SaveService: Testplan (JMX) version: 2.2. Testlog (JTL) version: 2.2
2025-12-06 17:32:16,737 INFO o.a.j.s.SaveService: Using SaveService properties version 5.0
2025-12-06 17:32:16,741 INFO o.a.j.s.SaveService: Using SaveService properties file encoding UTF-8
2025-12-06 17:32:16,743 INFO o.a.j.s.SaveService: Loading file: .\tests\jmeter\Teste de Performance Fluxo Instrutores.jmx
2025-12-06 17:32:16,794 INFO o.a.j.p.h.s.HTTPSamplerBase: Parser for text/html is org.apache.jmeter.protocol.http.parser.LagartoBasedHtmlParser
2025-12-06 17:32:16,794 INFO o.a.j.p.h.s.HTTPSamplerBase: Parser for application/xhtml+xml is org.apache.jmeter.protocol.http.parser.LagartoBasedHtmlParser
2025-12-06 17:32:16,794 INFO o.a.j.p.h.s.HTTPSamplerBase: Parser for application/xml is org.apache.jmeter.protocol.http.parser.LagartoBasedHtmlParser
2025-12-06 17:32:16,794 INFO o.a.j.p.h.s.HTTPSamplerBase: Parser for text/xml is org.apache.jmeter.protocol.http.parser.LagartoBasedHtmlParser
2025-12-06 17:32:16,794 INFO o.a.j.p.h.s.HTTPSamplerBase: Parser for text/vnd.wap.wml is org.apache.jmeter.protocol.http.parser.RegexpHTMLParser
2025-12-06 17:32:16,794 INFO o.a.j.p.h.s.HTTPSamplerBase: Parser for text/css is org.apache.jmeter.protocol.http.parser.CssParser
2025-12-06 17:32:16,841 INFO o.a.j.JMeter: Creating summariser <summary>
2025-12-06 17:32:16,866 INFO o.a.j.e.StandardJMeterEngine: Running the test!
2025-12-06 17:32:16,869 INFO o.a.j.s.SampleEvent: List of sample_variables: []
2025-12-06 17:32:16,869 INFO o.a.j.s.SampleEvent: List of sample_variables: []
2025-12-06 17:32:16,875 INFO o.a.j.e.u.CompoundVariable: Note: Function class names must contain the string: '.functions.'
2025-12-06 17:32:16,876 INFO o.a.j.e.u.CompoundVariable: Note: Function class names must not contain the string: '.gui.'
2025-12-06 17:32:16,951 INFO o.a.j.r.ClassFinder: Will scan jar C:\Users\suelen.santos\Downloads\jmeter5.6.3 descomp\apache-jmeter-5.6.3\lib\ext\jmeter-plugins-cmn-jmeter-0.7.jar with filter ExtendsClassFilter [parents=[interface org.apache.jmeter.functions.Function], inner=false, contains=null, notContains=null]. Consider exposing JMeter plugins via META-INF/services, and add JMeter-Skip-Class-Scanning=true manifest attribute so JMeter can skip classfile scanning
2025-12-06 17:32:16,982 INFO o.a.j.r.ClassFinder: Will scan jar C:\Users\suelen.santos\Downloads\jmeter5.6.3 descomp\apache-jmeter-5.6.3\lib\ext\jmeter-plugins-graphs-composite-2.0.jar with filter ExtendsClassFilter [parents=[interface org.apache.jmeter.functions.Function], inner=false, contains=null, notContains=null]. Consider exposing JMeter plugins via META-INF/services, and add JMeter-Skip-Class-Scanning=true manifest attribute so JMeter can skip classfile scanning
2025-12-06 17:32:16,988 INFO o.a.j.r.ClassFinder: Will scan jar C:\Users\suelen.santos\Downloads\jmeter5.6.3 descomp\apache-jmeter-5.6.3\lib\ext\jmeter-plugins-graphs-basic-2.0.jar with filter ExtendsClassFilter [parents=[interface org.apache.jmeter.functions.Function], inner=false, contains=null, notContains=null]. Consider exposing JMeter plugins via META-INF/services, and add JMeter-Skip-Class-Scanning=true manifest attribute so JMeter can skip classfile scanning
2025-12-06 17:32:16,993 INFO o.a.j.r.ClassFinder: Will scan jar C:\Users\suelen.santos\Downloads\jmeter5.6.3 descomp\apache-jmeter-5.6.3\lib\ext\jmeter-plugins-manager-1.11.jar with filter ExtendsClassFilter [parents=[interface org.apache.jmeter.functions.Function], inner=false, contains=null, notContains=null]. Consider exposing JMeter plugins via META-INF/services, and add JMeter-Skip-Class-Scanning=true manifest attribute so JMeter can skip classfile scanning
2025-12-06 17:32:17,133 INFO o.a.j.r.ClassFinder: Will scan jar C:\Users\suelen.santos\Downloads\jmeter5.6.3 descomp\apache-jmeter-5.6.3\lib\ext\cmdrunner-2.3.jar with filter ExtendsClassFilter [parents=[interface org.apache.jmeter.functions.Function], inner=false, contains=null, notContains=null]. Consider exposing JMeter plugins via META-INF/services, and add JMeter-Skip-Class-Scanning=true manifest attribute so JMeter can skip classfile scanning
2025-12-06 17:32:17,136 INFO o.a.j.r.ClassFinder: Will scan jar C:\Users\suelen.santos\Downloads\jmeter5.6.3 descomp\apache-jmeter-5.6.3\lib\ext\json-lib-2.4-jdk15.jar with filter ExtendsClassFilter [parents=[interface org.apache.jmeter.functions.Function], inner=false, contains=null, notContains=null]. Consider exposing JMeter plugins via META-INF/services, and add JMeter-Skip-Class-Scanning=true manifest attribute so JMeter can skip classfile scanning
2025-12-06 17:32:17,157 INFO o.a.j.JMeter: Running test (1765053137157)
2025-12-06 17:32:17,170 INFO o.a.j.e.StandardJMeterEngine: Starting ThreadGroup: 1 : Usuário se tornando alunos
2025-12-06 17:32:17,171 INFO o.a.j.e.StandardJMeterEngine: Starting 80 threads for group Usuário se tornando alunos.
2025-12-06 17:32:17,171 INFO o.a.j.e.StandardJMeterEngine: Thread will continue on error
2025-12-06 17:32:17,171 INFO o.a.j.t.ThreadGroup: Starting thread group... number=1 threads=80 ramp-up=1 delayedStart=false
2025-12-06 17:32:17,216 INFO o.a.j.t.ThreadGroup: Started thread group number 1
2025-12-06 17:32:17,216 INFO o.a.j.e.StandardJMeterEngine: All thread groups have been started
2025-12-06 17:32:17,255 INFO o.a.j.t.JMeterThread: Thread started: Usuário se tornando alunos 1-1
2025-12-06 17:32:17,258 INFO o.a.j.s.FileServer: Stored: C:/QAx/ppp-turma2/tests/jmeter/test-data/students.csv Alias: C:/QAx/ppp-turma2/tests/jmeter/test-data/students.csv@1987354705
2025-12-06 17:32:17,268 INFO o.a.j.t.JMeterThread: Thread started: Usuário se tornando alunos 1-2
2025-12-06 17:32:17,279 INFO o.a.j.t.JMeterThread: Thread started: Usuário se tornando alunos 1-3
2025-12-06 17:32:17,290 INFO o.a.j.p.h.s.HTTPHCAbstractImpl: Local host = DGDNTB080
2025-12-06 17:32:17,291 INFO o.a.j.t.JMeterThread: Thread started: Usuário se tornando alunos 1-4
2025-12-06 17:32:17,295 INFO o.a.j.p.h.s.HTTPHC4Impl: HTTP request retry count = 0
2025-12-06 17:32:17,296 INFO o.a.j.s.SampleResult: Note: Sample TimeStamps are START times
2025-12-06 17:32:17,296 INFO o.a.j.s.SampleResult: sampleresult.default.encoding is set to UTF-8
2025-12-06 17:32:17,296 INFO o.a.j.s.SampleResult: sampleresult.useNanoTime=true
2025-12-06 17:32:17,296 INFO o.a.j.s.SampleResult: sampleresult.nanoThreadSleep=5000
2025-12-06 17:32:17,302 INFO o.a.j.t.JMeterThread: Thread started: Usuário se tornando alunos 1-5
2025-12-06 17:32:17,315 INFO o.a.j.t.JMeterThread: Thread started: Usuário se tornando alunos 1-6
2025-12-06 17:32:17,328 INFO o.a.j.t.JMeterThread: Thread started: Usuário se tornando alunos 1-7
2025-12-06 17:32:17,340 INFO o.a.j.t.JMeterThread: Thread started: Usuário se tornando alunos 1-8
2025-12-06 17:32:17,352 INFO o.a.j.t.JMeterThread: Thread started: Usuário se tornando alunos 1-9
2025-12-06 17:32:17,366 INFO o.a.j.t.JMeterThread: Thread started: Usuário se tornando alunos 1-10
2025-12-06 17:32:17,378 INFO o.a.j.t.JMeterThread: Thread started: Usuário se tornando alunos 1-11
2025-12-06 17:32:17,391 INFO o.a.j.t.JMeterThread: Thread started: Usuário se tornando alunos 1-12
2025-12-06 17:32:17,402 INFO o.a.j.t.JMeterThread: Thread started: Usuário se tornando alunos 1-13
2025-12-06 17:32:17,409 INFO o.a.j.t.JMeterThread: Thread is done: Usuário se tornando alunos 1-10
2025-12-06 17:32:17,409 INFO o.a.j.t.JMeterThread: Thread is done: Usuário se tornando alunos 1-6
2025-12-06 17:32:17,409 INFO o.a.j.t.JMeterThread: Thread is done: Usuário se tornando alunos 1-5
2025-12-06 17:32:17,409 INFO o.a.j.t.JMeterThread: Thread is done: Usuário se tornando alunos 1-2
2025-12-06 17:32:17,409 INFO o.a.j.t.JMeterThread: Thread finished: Usuário se tornando alunos 1-5
2025-12-06 17:32:17,409 INFO o.a.j.t.JMeterThread: Thread finished: Usuário se tornando alunos 1-2
2025-12-06 17:32:17,409 INFO o.a.j.t.JMeterThread: Thread is done: Usuário se tornando alunos 1-12
2025-12-06 17:32:17,409 INFO o.a.j.t.JMeterThread: Thread is done: Usuário se tornando alunos 1-7
2025-12-06 17:32:17,409 INFO o.a.j.t.JMeterThread: Thread finished: Usuário se tornando alunos 1-7
2025-12-06 17:32:17,409 INFO o.a.j.t.JMeterThread: Thread is done: Usuário se tornando alunos 1-8
2025-12-06 17:32:17,409 INFO o.a.j.t.JMeterThread: Thread is done: Usuário se tornando alunos 1-4
2025-12-06 17:32:17,409 INFO o.a.j.t.JMeterThread: Thread is done: Usuário se tornando alunos 1-11
2025-12-06 17:32:17,409 INFO o.a.j.t.JMeterThread: Thread is done: Usuário se tornando alunos 1-3
2025-12-06 17:32:17,409 INFO o.a.j.t.JMeterThread: Thread is done: Usuário se tornando alunos 1-1
2025-12-06 17:32:17,409 INFO o.a.j.t.JMeterThread: Thread finished: Usuário se tornando alunos 1-10
2025-12-06 17:32:17,409 INFO o.a.j.t.JMeterThread: Thread finished: Usuário se tornando alunos 1-3
2025-12-06 17:32:17,409 INFO o.a.j.t.JMeterThread: Thread is done: Usuário se tornando alunos 1-13
2025-12-06 17:32:17,410 INFO o.a.j.t.JMeterThread: Thread finished: Usuário se tornando alunos 1-6
2025-12-06 17:32:17,410 INFO o.a.j.t.JMeterThread: Thread finished: Usuário se tornando alunos 1-13
2025-12-06 17:32:17,410 INFO o.a.j.t.JMeterThread: Thread finished: Usuário se tornando alunos 1-1
2025-12-06 17:32:17,409 INFO o.a.j.t.JMeterThread: Thread is done: Usuário se tornando alunos 1-9
2025-12-06 17:32:17,409 INFO o.a.j.t.JMeterThread: Thread finished: Usuário se tornando alunos 1-4
2025-12-06 17:32:17,409 INFO o.a.j.t.JMeterThread: Thread finished: Usuário se tornando alunos 1-8
2025-12-06 17:32:17,409 INFO o.a.j.t.JMeterThread: Thread finished: Usuário se tornando alunos 1-12
2025-12-06 17:32:17,410 INFO o.a.j.t.JMeterThread: Thread finished: Usuário se tornando alunos 1-11
2025-12-06 17:32:17,410 INFO o.a.j.t.JMeterThread: Thread finished: Usuário se tornando alunos 1-9
2025-12-06 17:32:17,414 INFO o.a.j.t.JMeterThread: Thread started: Usuário se tornando alunos 1-14
2025-12-06 17:32:17,416 INFO o.a.j.t.JMeterThread: Thread is done: Usuário se tornando alunos 1-14
2025-12-06 17:32:17,416 INFO o.a.j.t.JMeterThread: Thread finished: Usuário se tornando alunos 1-14
2025-12-06 17:32:17,427 INFO o.a.j.t.JMeterThread: Thread started: Usuário se tornando alunos 1-15
2025-12-06 17:32:17,429 INFO o.a.j.t.JMeterThread: Thread is done: Usuário se tornando alunos 1-15
2025-12-06 17:32:17,430 INFO o.a.j.t.JMeterThread: Thread finished: Usuário se tornando alunos 1-15
2025-12-06 17:32:17,440 INFO o.a.j.t.JMeterThread: Thread started: Usuário se tornando alunos 1-16
2025-12-06 17:32:17,444 INFO o.a.j.t.JMeterThread: Thread is done: Usuário se tornando alunos 1-16
2025-12-06 17:32:17,444 INFO o.a.j.t.JMeterThread: Thread finished: Usuário se tornando alunos 1-16
2025-12-06 17:32:17,450 INFO o.a.j.t.JMeterThread: Thread started: Usuário se tornando alunos 1-17
2025-12-06 17:32:17,453 INFO o.a.j.t.JMeterThread: Thread is done: Usuário se tornando alunos 1-17
2025-12-06 17:32:17,453 INFO o.a.j.t.JMeterThread: Thread finished: Usuário se tornando alunos 1-17
2025-12-06 17:32:17,465 INFO o.a.j.t.JMeterThread: Thread started: Usuário se tornando alunos 1-18
2025-12-06 17:32:17,469 INFO o.a.j.t.JMeterThread: Thread is done: Usuário se tornando alunos 1-18
2025-12-06 17:32:17,469 INFO o.a.j.t.JMeterThread: Thread finished: Usuário se tornando alunos 1-18
2025-12-06 17:32:17,476 INFO o.a.j.t.JMeterThread: Thread started: Usuário se tornando alunos 1-19
2025-12-06 17:32:17,479 INFO o.a.j.t.JMeterThread: Thread is done: Usuário se tornando alunos 1-19
2025-12-06 17:32:17,479 INFO o.a.j.t.JMeterThread: Thread finished: Usuário se tornando alunos 1-19
2025-12-06 17:32:17,488 INFO o.a.j.t.JMeterThread: Thread started: Usuário se tornando alunos 1-20
2025-12-06 17:32:17,493 INFO o.a.j.t.JMeterThread: Thread is done: Usuário se tornando alunos 1-20
2025-12-06 17:32:17,493 INFO o.a.j.t.JMeterThread: Thread finished: Usuário se tornando alunos 1-20
2025-12-06 17:32:17,502 INFO o.a.j.t.JMeterThread: Thread started: Usuário se tornando alunos 1-21
2025-12-06 17:32:17,506 INFO o.a.j.t.JMeterThread: Thread is done: Usuário se tornando alunos 1-21
2025-12-06 17:32:17,506 INFO o.a.j.t.JMeterThread: Thread finished: Usuário se tornando alunos 1-21
2025-12-06 17:32:17,512 INFO o.a.j.t.JMeterThread: Thread started: Usuário se tornando alunos 1-22
2025-12-06 17:32:17,515 INFO o.a.j.t.JMeterThread: Thread is done: Usuário se tornando alunos 1-22
2025-12-06 17:32:17,515 INFO o.a.j.t.JMeterThread: Thread finished: Usuário se tornando alunos 1-22
2025-12-06 17:32:17,528 INFO o.a.j.t.JMeterThread: Thread started: Usuário se tornando alunos 1-23
2025-12-06 17:32:17,532 INFO o.a.j.t.JMeterThread: Thread is done: Usuário se tornando alunos 1-23
2025-12-06 17:32:17,532 INFO o.a.j.t.JMeterThread: Thread finished: Usuário se tornando alunos 1-23
2025-12-06 17:32:17,537 INFO o.a.j.t.JMeterThread: Thread started: Usuário se tornando alunos 1-24
2025-12-06 17:32:17,541 INFO o.a.j.t.JMeterThread: Thread is done: Usuário se tornando alunos 1-24
2025-12-06 17:32:17,542 INFO o.a.j.t.JMeterThread: Thread finished: Usuário se tornando alunos 1-24
2025-12-06 17:32:17,550 INFO o.a.j.t.JMeterThread: Thread started: Usuário se tornando alunos 1-25
2025-12-06 17:32:17,552 INFO o.a.j.t.JMeterThread: Thread is done: Usuário se tornando alunos 1-25
2025-12-06 17:32:17,552 INFO o.a.j.t.JMeterThread: Thread finished: Usuário se tornando alunos 1-25
2025-12-06 17:32:17,564 INFO o.a.j.t.JMeterThread: Thread started: Usuário se tornando alunos 1-26
2025-12-06 17:32:17,574 INFO o.a.j.t.JMeterThread: Thread is done: Usuário se tornando alunos 1-26
2025-12-06 17:32:17,574 INFO o.a.j.t.JMeterThread: Thread finished: Usuário se tornando alunos 1-26
2025-12-06 17:32:17,575 INFO o.a.j.t.JMeterThread: Thread started: Usuário se tornando alunos 1-27
2025-12-06 17:32:17,586 INFO o.a.j.t.JMeterThread: Thread started: Usuário se tornando alunos 1-28
2025-12-06 17:32:17,586 INFO o.a.j.t.JMeterThread: Thread is done: Usuário se tornando alunos 1-27
2025-12-06 17:32:17,587 INFO o.a.j.t.JMeterThread: Thread finished: Usuário se tornando alunos 1-27
2025-12-06 17:32:17,596 INFO o.a.j.t.JMeterThread: Thread is done: Usuário se tornando alunos 1-28
2025-12-06 17:32:17,597 INFO o.a.j.t.JMeterThread: Thread finished: Usuário se tornando alunos 1-28
2025-12-06 17:32:17,600 INFO o.a.j.t.JMeterThread: Thread started: Usuário se tornando alunos 1-29
2025-12-06 17:32:17,607 INFO o.a.j.t.JMeterThread: Thread is done: Usuário se tornando alunos 1-29
2025-12-06 17:32:17,608 INFO o.a.j.t.JMeterThread: Thread finished: Usuário se tornando alunos 1-29
2025-12-06 17:32:17,614 INFO o.a.j.t.JMeterThread: Thread started: Usuário se tornando alunos 1-30
2025-12-06 17:32:17,619 INFO o.a.j.t.JMeterThread: Thread is done: Usuário se tornando alunos 1-30
2025-12-06 17:32:17,619 INFO o.a.j.t.JMeterThread: Thread finished: Usuário se tornando alunos 1-30
2025-12-06 17:32:17,624 INFO o.a.j.t.JMeterThread: Thread started: Usuário se tornando alunos 1-31
2025-12-06 17:32:17,629 INFO o.a.j.t.JMeterThread: Thread is done: Usuário se tornando alunos 1-31
2025-12-06 17:32:17,629 INFO o.a.j.t.JMeterThread: Thread finished: Usuário se tornando alunos 1-31
2025-12-06 17:32:17,638 INFO o.a.j.t.JMeterThread: Thread started: Usuário se tornando alunos 1-32
2025-12-06 17:32:17,648 INFO o.a.j.t.JMeterThread: Thread is done: Usuário se tornando alunos 1-32
2025-12-06 17:32:17,648 INFO o.a.j.t.JMeterThread: Thread finished: Usuário se tornando alunos 1-32
2025-12-06 17:32:17,652 INFO o.a.j.t.JMeterThread: Thread started: Usuário se tornando alunos 1-33
2025-12-06 17:32:17,662 INFO o.a.j.t.JMeterThread: Thread is done: Usuário se tornando alunos 1-33
2025-12-06 17:32:17,662 INFO o.a.j.t.JMeterThread: Thread finished: Usuário se tornando alunos 1-33
2025-12-06 17:32:17,667 INFO o.a.j.t.JMeterThread: Thread started: Usuário se tornando alunos 1-34
2025-12-06 17:32:17,674 INFO o.a.j.t.JMeterThread: Thread is done: Usuário se tornando alunos 1-34
2025-12-06 17:32:17,674 INFO o.a.j.t.JMeterThread: Thread finished: Usuário se tornando alunos 1-34
2025-12-06 17:32:17,675 INFO o.a.j.t.JMeterThread: Thread started: Usuário se tornando alunos 1-35
2025-12-06 17:32:17,681 INFO o.a.j.t.JMeterThread: Thread is done: Usuário se tornando alunos 1-35
2025-12-06 17:32:17,681 INFO o.a.j.t.JMeterThread: Thread finished: Usuário se tornando alunos 1-35
2025-12-06 17:32:17,688 INFO o.a.j.t.JMeterThread: Thread started: Usuário se tornando alunos 1-36
2025-12-06 17:32:17,693 INFO o.a.j.t.JMeterThread: Thread is done: Usuário se tornando alunos 1-36
2025-12-06 17:32:17,693 INFO o.a.j.t.JMeterThread: Thread finished: Usuário se tornando alunos 1-36
2025-12-06 17:32:17,703 INFO o.a.j.t.JMeterThread: Thread started: Usuário se tornando alunos 1-37
2025-12-06 17:32:17,709 INFO o.a.j.t.JMeterThread: Thread is done: Usuário se tornando alunos 1-37
2025-12-06 17:32:17,710 INFO o.a.j.t.JMeterThread: Thread finished: Usuário se tornando alunos 1-37
2025-12-06 17:32:17,715 INFO o.a.j.t.JMeterThread: Thread started: Usuário se tornando alunos 1-38
2025-12-06 17:32:17,719 INFO o.a.j.t.JMeterThread: Thread is done: Usuário se tornando alunos 1-38
2025-12-06 17:32:17,720 INFO o.a.j.t.JMeterThread: Thread finished: Usuário se tornando alunos 1-38
2025-12-06 17:32:17,726 INFO o.a.j.t.JMeterThread: Thread started: Usuário se tornando alunos 1-39
2025-12-06 17:32:17,730 INFO o.a.j.t.JMeterThread: Thread is done: Usuário se tornando alunos 1-39
2025-12-06 17:32:17,731 INFO o.a.j.t.JMeterThread: Thread finished: Usuário se tornando alunos 1-39
2025-12-06 17:32:17,740 INFO o.a.j.t.JMeterThread: Thread started: Usuário se tornando alunos 1-40
2025-12-06 17:32:17,746 INFO o.a.j.t.JMeterThread: Thread is done: Usuário se tornando alunos 1-40
2025-12-06 17:32:17,746 INFO o.a.j.t.JMeterThread: Thread finished: Usuário se tornando alunos 1-40
2025-12-06 17:32:17,753 INFO o.a.j.t.JMeterThread: Thread started: Usuário se tornando alunos 1-41
2025-12-06 17:32:17,758 INFO o.a.j.t.JMeterThread: Thread is done: Usuário se tornando alunos 1-41
2025-12-06 17:32:17,758 INFO o.a.j.t.JMeterThread: Thread finished: Usuário se tornando alunos 1-41
2025-12-06 17:32:17,765 INFO o.a.j.t.JMeterThread: Thread started: Usuário se tornando alunos 1-42
2025-12-06 17:32:17,769 INFO o.a.j.t.JMeterThread: Thread is done: Usuário se tornando alunos 1-42
2025-12-06 17:32:17,769 INFO o.a.j.t.JMeterThread: Thread finished: Usuário se tornando alunos 1-42
2025-12-06 17:32:17,777 INFO o.a.j.t.JMeterThread: Thread started: Usuário se tornando alunos 1-43
2025-12-06 17:32:17,784 INFO o.a.j.t.JMeterThread: Thread is done: Usuário se tornando alunos 1-43
2025-12-06 17:32:17,784 INFO o.a.j.t.JMeterThread: Thread finished: Usuário se tornando alunos 1-43
2025-12-06 17:32:17,790 INFO o.a.j.t.JMeterThread: Thread started: Usuário se tornando alunos 1-44
2025-12-06 17:32:17,800 INFO o.a.j.t.JMeterThread: Thread is done: Usuário se tornando alunos 1-44
2025-12-06 17:32:17,801 INFO o.a.j.t.JMeterThread: Thread finished: Usuário se tornando alunos 1-44
2025-12-06 17:32:17,804 INFO o.a.j.t.JMeterThread: Thread started: Usuário se tornando alunos 1-45
2025-12-06 17:32:17,814 INFO o.a.j.t.JMeterThread: Thread is done: Usuário se tornando alunos 1-45
2025-12-06 17:32:17,814 INFO o.a.j.t.JMeterThread: Thread finished: Usuário se tornando alunos 1-45
2025-12-06 17:32:17,814 INFO o.a.j.t.JMeterThread: Thread started: Usuário se tornando alunos 1-46
2025-12-06 17:32:17,823 INFO o.a.j.t.JMeterThread: Thread is done: Usuário se tornando alunos 1-46
2025-12-06 17:32:17,823 INFO o.a.j.t.JMeterThread: Thread finished: Usuário se tornando alunos 1-46
2025-12-06 17:32:17,828 INFO o.a.j.t.JMeterThread: Thread started: Usuário se tornando alunos 1-47
2025-12-06 17:32:17,832 INFO o.a.j.t.JMeterThread: Thread is done: Usuário se tornando alunos 1-47
2025-12-06 17:32:17,832 INFO o.a.j.t.JMeterThread: Thread finished: Usuário se tornando alunos 1-47
2025-12-06 17:32:17,841 INFO o.a.j.t.JMeterThread: Thread started: Usuário se tornando alunos 1-48
2025-12-06 17:32:17,844 INFO o.a.j.t.JMeterThread: Thread is done: Usuário se tornando alunos 1-48
2025-12-06 17:32:17,844 INFO o.a.j.t.JMeterThread: Thread finished: Usuário se tornando alunos 1-48
2025-12-06 17:32:17,853 INFO o.a.j.t.JMeterThread: Thread started: Usuário se tornando alunos 1-49
2025-12-06 17:32:17,856 INFO o.a.j.t.JMeterThread: Thread is done: Usuário se tornando alunos 1-49
2025-12-06 17:32:17,856 INFO o.a.j.t.JMeterThread: Thread finished: Usuário se tornando alunos 1-49
2025-12-06 17:32:17,865 INFO o.a.j.t.JMeterThread: Thread started: Usuário se tornando alunos 1-50
2025-12-06 17:32:17,873 INFO o.a.j.t.JMeterThread: Thread is done: Usuário se tornando alunos 1-50
2025-12-06 17:32:17,873 INFO o.a.j.t.JMeterThread: Thread finished: Usuário se tornando alunos 1-50
2025-12-06 17:32:17,878 INFO o.a.j.t.JMeterThread: Thread started: Usuário se tornando alunos 1-51
2025-12-06 17:32:17,884 INFO o.a.j.t.JMeterThread: Thread is done: Usuário se tornando alunos 1-51
2025-12-06 17:32:17,885 INFO o.a.j.t.JMeterThread: Thread finished: Usuário se tornando alunos 1-51
2025-12-06 17:32:17,892 INFO o.a.j.t.JMeterThread: Thread started: Usuário se tornando alunos 1-52
2025-12-06 17:32:17,900 INFO o.a.j.t.JMeterThread: Thread is done: Usuário se tornando alunos 1-52
2025-12-06 17:32:17,900 INFO o.a.j.t.JMeterThread: Thread finished: Usuário se tornando alunos 1-52
2025-12-06 17:32:17,904 INFO o.a.j.t.JMeterThread: Thread started: Usuário se tornando alunos 1-53
2025-12-06 17:32:17,912 INFO o.a.j.t.JMeterThread: Thread is done: Usuário se tornando alunos 1-53
2025-12-06 17:32:17,913 INFO o.a.j.t.JMeterThread: Thread finished: Usuário se tornando alunos 1-53
2025-12-06 17:32:17,916 INFO o.a.j.t.JMeterThread: Thread started: Usuário se tornando alunos 1-54
2025-12-06 17:32:17,924 INFO o.a.j.t.JMeterThread: Thread is done: Usuário se tornando alunos 1-54
2025-12-06 17:32:17,924 INFO o.a.j.t.JMeterThread: Thread finished: Usuário se tornando alunos 1-54
2025-12-06 17:32:17,928 INFO o.a.j.t.JMeterThread: Thread started: Usuário se tornando alunos 1-55
2025-12-06 17:32:17,937 INFO o.a.j.t.JMeterThread: Thread is done: Usuário se tornando alunos 1-55
2025-12-06 17:32:17,937 INFO o.a.j.t.JMeterThread: Thread finished: Usuário se tornando alunos 1-55
2025-12-06 17:32:17,942 INFO o.a.j.t.JMeterThread: Thread started: Usuário se tornando alunos 1-56
2025-12-06 17:32:17,950 INFO o.a.j.t.JMeterThread: Thread is done: Usuário se tornando alunos 1-56
2025-12-06 17:32:17,950 INFO o.a.j.t.JMeterThread: Thread finished: Usuário se tornando alunos 1-56
2025-12-06 17:32:17,952 INFO o.a.j.t.JMeterThread: Thread started: Usuário se tornando alunos 1-57
2025-12-06 17:32:17,960 INFO o.a.j.t.JMeterThread: Thread is done: Usuário se tornando alunos 1-57
2025-12-06 17:32:17,960 INFO o.a.j.t.JMeterThread: Thread finished: Usuário se tornando alunos 1-57
2025-12-06 17:32:17,966 INFO o.a.j.t.JMeterThread: Thread started: Usuário se tornando alunos 1-58
2025-12-06 17:32:17,973 INFO o.a.j.t.JMeterThread: Thread is done: Usuário se tornando alunos 1-58
2025-12-06 17:32:17,974 INFO o.a.j.t.JMeterThread: Thread finished: Usuário se tornando alunos 1-58
2025-12-06 17:32:17,978 INFO o.a.j.t.JMeterThread: Thread started: Usuário se tornando alunos 1-59
2025-12-06 17:32:17,985 INFO o.a.j.t.JMeterThread: Thread is done: Usuário se tornando alunos 1-59
2025-12-06 17:32:17,985 INFO o.a.j.t.JMeterThread: Thread finished: Usuário se tornando alunos 1-59
2025-12-06 17:32:17,991 INFO o.a.j.t.JMeterThread: Thread started: Usuário se tornando alunos 1-60
2025-12-06 17:32:17,998 INFO o.a.j.t.JMeterThread: Thread is done: Usuário se tornando alunos 1-60
2025-12-06 17:32:17,998 INFO o.a.j.t.JMeterThread: Thread finished: Usuário se tornando alunos 1-60
2025-12-06 17:32:18,005 INFO o.a.j.t.JMeterThread: Thread started: Usuário se tornando alunos 1-61
2025-12-06 17:32:18,010 INFO o.a.j.t.JMeterThread: Thread is done: Usuário se tornando alunos 1-61
2025-12-06 17:32:18,010 INFO o.a.j.t.JMeterThread: Thread finished: Usuário se tornando alunos 1-61
2025-12-06 17:32:18,014 INFO o.a.j.t.JMeterThread: Thread started: Usuário se tornando alunos 1-62
2025-12-06 17:32:18,020 INFO o.a.j.t.JMeterThread: Thread is done: Usuário se tornando alunos 1-62
2025-12-06 17:32:18,020 INFO o.a.j.t.JMeterThread: Thread finished: Usuário se tornando alunos 1-62
2025-12-06 17:32:18,028 INFO o.a.j.t.JMeterThread: Thread started: Usuário se tornando alunos 1-63
2025-12-06 17:32:18,033 INFO o.a.j.t.JMeterThread: Thread is done: Usuário se tornando alunos 1-63
2025-12-06 17:32:18,033 INFO o.a.j.t.JMeterThread: Thread finished: Usuário se tornando alunos 1-63
2025-12-06 17:32:18,042 INFO o.a.j.t.JMeterThread: Thread started: Usuário se tornando alunos 1-64
2025-12-06 17:32:18,048 INFO o.a.j.t.JMeterThread: Thread is done: Usuário se tornando alunos 1-64
2025-12-06 17:32:18,048 INFO o.a.j.t.JMeterThread: Thread finished: Usuário se tornando alunos 1-64
2025-12-06 17:32:18,053 INFO o.a.j.t.JMeterThread: Thread started: Usuário se tornando alunos 1-65
2025-12-06 17:32:18,058 INFO o.a.j.t.JMeterThread: Thread is done: Usuário se tornando alunos 1-65
2025-12-06 17:32:18,058 INFO o.a.j.t.JMeterThread: Thread finished: Usuário se tornando alunos 1-65
2025-12-06 17:32:18,069 INFO o.a.j.t.JMeterThread: Thread started: Usuário se tornando alunos 1-66
2025-12-06 17:32:18,073 INFO o.a.j.t.JMeterThread: Thread is done: Usuário se tornando alunos 1-66
2025-12-06 17:32:18,073 INFO o.a.j.t.JMeterThread: Thread finished: Usuário se tornando alunos 1-66
2025-12-06 17:32:18,074 INFO o.a.j.t.JMeterThread: Thread started: Usuário se tornando alunos 1-67
2025-12-06 17:32:18,077 INFO o.a.j.t.JMeterThread: Thread is done: Usuário se tornando alunos 1-67
2025-12-06 17:32:18,077 INFO o.a.j.t.JMeterThread: Thread finished: Usuário se tornando alunos 1-67
2025-12-06 17:32:18,088 INFO o.a.j.t.JMeterThread: Thread started: Usuário se tornando alunos 1-68
2025-12-06 17:32:18,090 INFO o.a.j.t.JMeterThread: Thread is done: Usuário se tornando alunos 1-68
2025-12-06 17:32:18,090 INFO o.a.j.t.JMeterThread: Thread finished: Usuário se tornando alunos 1-68
2025-12-06 17:32:18,097 INFO o.a.j.t.JMeterThread: Thread started: Usuário se tornando alunos 1-69
2025-12-06 17:32:18,099 INFO o.a.j.t.JMeterThread: Thread is done: Usuário se tornando alunos 1-69
2025-12-06 17:32:18,099 INFO o.a.j.t.JMeterThread: Thread finished: Usuário se tornando alunos 1-69
2025-12-06 17:32:18,110 INFO o.a.j.t.JMeterThread: Thread started: Usuário se tornando alunos 1-70
2025-12-06 17:32:18,112 INFO o.a.j.t.JMeterThread: Thread is done: Usuário se tornando alunos 1-70
2025-12-06 17:32:18,112 INFO o.a.j.t.JMeterThread: Thread finished: Usuário se tornando alunos 1-70
2025-12-06 17:32:18,125 INFO o.a.j.t.JMeterThread: Thread started: Usuário se tornando alunos 1-71
2025-12-06 17:32:18,128 INFO o.a.j.t.JMeterThread: Thread is done: Usuário se tornando alunos 1-71
2025-12-06 17:32:18,128 INFO o.a.j.t.JMeterThread: Thread finished: Usuário se tornando alunos 1-71
2025-12-06 17:32:18,135 INFO o.a.j.t.JMeterThread: Thread started: Usuário se tornando alunos 1-72
2025-12-06 17:32:18,138 INFO o.a.j.t.JMeterThread: Thread is done: Usuário se tornando alunos 1-72
2025-12-06 17:32:18,138 INFO o.a.j.t.JMeterThread: Thread finished: Usuário se tornando alunos 1-72
2025-12-06 17:32:18,150 INFO o.a.j.t.JMeterThread: Thread started: Usuário se tornando alunos 1-73
2025-12-06 17:32:18,152 INFO o.a.j.t.JMeterThread: Thread is done: Usuário se tornando alunos 1-73
2025-12-06 17:32:18,152 INFO o.a.j.t.JMeterThread: Thread finished: Usuário se tornando alunos 1-73
2025-12-06 17:32:18,163 INFO o.a.j.t.JMeterThread: Thread started: Usuário se tornando alunos 1-74
2025-12-06 17:32:18,166 INFO o.a.j.t.JMeterThread: Thread is done: Usuário se tornando alunos 1-74
2025-12-06 17:32:18,166 INFO o.a.j.t.JMeterThread: Thread finished: Usuário se tornando alunos 1-74
2025-12-06 17:32:18,176 INFO o.a.j.t.JMeterThread: Thread started: Usuário se tornando alunos 1-75
2025-12-06 17:32:18,179 INFO o.a.j.t.JMeterThread: Thread is done: Usuário se tornando alunos 1-75
2025-12-06 17:32:18,179 INFO o.a.j.t.JMeterThread: Thread finished: Usuário se tornando alunos 1-75
2025-12-06 17:32:18,188 INFO o.a.j.t.JMeterThread: Thread started: Usuário se tornando alunos 1-76
2025-12-06 17:32:18,191 INFO o.a.j.t.JMeterThread: Thread is done: Usuário se tornando alunos 1-76
2025-12-06 17:32:18,192 INFO o.a.j.t.JMeterThread: Thread finished: Usuário se tornando alunos 1-76
2025-12-06 17:32:18,201 INFO o.a.j.t.JMeterThread: Thread started: Usuário se tornando alunos 1-77
2025-12-06 17:32:18,205 INFO o.a.j.t.JMeterThread: Thread is done: Usuário se tornando alunos 1-77
2025-12-06 17:32:18,205 INFO o.a.j.t.JMeterThread: Thread finished: Usuário se tornando alunos 1-77
2025-12-06 17:32:18,211 INFO o.a.j.t.JMeterThread: Thread started: Usuário se tornando alunos 1-78
2025-12-06 17:32:18,214 INFO o.a.j.t.JMeterThread: Thread is done: Usuário se tornando alunos 1-78
2025-12-06 17:32:18,214 INFO o.a.j.t.JMeterThread: Thread finished: Usuário se tornando alunos 1-78
2025-12-06 17:32:18,225 INFO o.a.j.t.JMeterThread: Thread started: Usuário se tornando alunos 1-79
2025-12-06 17:32:18,228 INFO o.a.j.t.JMeterThread: Thread is done: Usuário se tornando alunos 1-79
2025-12-06 17:32:18,228 INFO o.a.j.t.JMeterThread: Thread finished: Usuário se tornando alunos 1-79
2025-12-06 17:32:18,237 INFO o.a.j.t.JMeterThread: Thread started: Usuário se tornando alunos 1-80
2025-12-06 17:32:18,239 INFO o.a.j.t.JMeterThread: Thread is done: Usuário se tornando alunos 1-80
2025-12-06 17:32:18,239 INFO o.a.j.t.JMeterThread: Thread finished: Usuário se tornando alunos 1-80
2025-12-06 17:32:18,239 INFO o.a.j.e.StandardJMeterEngine: Notifying test listeners of end of test
2025-12-06 17:32:18,239 INFO o.a.j.s.FileServer: Close: C:/QAx/ppp-turma2/tests/jmeter/test-data/students.csv@1987354705
2025-12-06 17:32:18,243 INFO o.a.j.r.Summariser: summary =     80 in 00:00:01 =   73.7/s Avg:     8 Min:     1 Max:    48 Err:    80 (100.00%)
